// Jest Snapshot v1, https://goo.gl/fbAQLP

exports[`Premier League renders correctly 1`] = `
<DocumentFragment>
  <p
    class="App__no-data"
  >
    If the stats haven't loaded after a while there may be a problem with the server. Sorry, please try again later.
  </p>
</DocumentFragment>
`;
